Archive member included to satisfy reference by file (symbol)

C:/ST/STM32CubeIDE_1.13.1/STM32CubeIDE/plugins/com.st.stm32cube.ide.mcu.externaltools.gnu-tools-for-stm32.11.3.rel1.win32_1.1.0.202305231506/tools/bin/../lib/gcc/arm-none-eabi/11.3.1/../../../../arm-none-eabi/lib/thumb/v7e-m+fp/hard\libc_nano.a(libc_a-exit.o)
                              C:/ST/STM32CubeIDE_1.13.1/STM32CubeIDE/plugins/com.st.stm32cube.ide.mcu.externaltools.gnu-tools-for-stm32.11.3.rel1.win32_1.1.0.202305231506/tools/bin/../lib/gcc/arm-none-eabi/11.3.1/../../../../arm-none-eabi/lib/thumb/v7e-m+fp/hard/crt0.o (exit)
C:/ST/STM32CubeIDE_1.13.1/STM32CubeIDE/plugins/com.st.stm32cube.ide.mcu.externaltools.gnu-tools-for-stm32.11.3.rel1.win32_1.1.0.202305231506/tools/bin/../lib/gcc/arm-none-eabi/11.3.1/../../../../arm-none-eabi/lib/thumb/v7e-m+fp/hard\libc_nano.a(libc_a-findfp.o)
                              C:/ST/STM32CubeIDE_1.13.1/STM32CubeIDE/plugins/com.st.stm32cube.ide.mcu.externaltools.gnu-tools-for-stm32.11.3.rel1.win32_1.1.0.202305231506/tools/bin/../lib/gcc/arm-none-eabi/11.3.1/../../../../arm-none-eabi/lib/thumb/v7e-m+fp/hard\libc_nano.a(libc_a-exit.o) (__stdio_exit_handler)
C:/ST/STM32CubeIDE_1.13.1/STM32CubeIDE/plugins/com.st.stm32cube.ide.mcu.externaltools.gnu-tools-for-stm32.11.3.rel1.win32_1.1.0.202305231506/tools/bin/../lib/gcc/arm-none-eabi/11.3.1/../../../../arm-none-eabi/lib/thumb/v7e-m+fp/hard\libc_nano.a(libc_a-fwalk.o)
                              C:/ST/STM32CubeIDE_1.13.1/STM32CubeIDE/plugins/com.st.stm32cube.ide.mcu.externaltools.gnu-tools-for-stm32.11.3.rel1.win32_1.1.0.202305231506/tools/bin/../lib/gcc/arm-none-eabi/11.3.1/../../../../arm-none-eabi/lib/thumb/v7e-m+fp/hard\libc_nano.a(libc_a-findfp.o) (_fwalk_sglue)
C:/ST/STM32CubeIDE_1.13.1/STM32CubeIDE/plugins/com.st.stm32cube.ide.mcu.externaltools.gnu-tools-for-stm32.11.3.rel1.win32_1.1.0.202305231506/tools/bin/../lib/gcc/arm-none-eabi/11.3.1/../../../../arm-none-eabi/lib/thumb/v7e-m+fp/hard\libc_nano.a(libc_a-stdio.o)
                              C:/ST/STM32CubeIDE_1.13.1/STM32CubeIDE/plugins/com.st.stm32cube.ide.mcu.externaltools.gnu-tools-for-stm32.11.3.rel1.win32_1.1.0.202305231506/tools/bin/../lib/gcc/arm-none-eabi/11.3.1/../../../../arm-none-eabi/lib/thumb/v7e-m+fp/hard\libc_nano.a(libc_a-findfp.o) (__sread)
C:/ST/STM32CubeIDE_1.13.1/STM32CubeIDE/plugins/com.st.stm32cube.ide.mcu.externaltools.gnu-tools-for-stm32.11.3.rel1.win32_1.1.0.202305231506/tools/bin/../lib/gcc/arm-none-eabi/11.3.1/../../../../arm-none-eabi/lib/thumb/v7e-m+fp/hard\libc_nano.a(libc_a-memset.o)
                              C:/ST/STM32CubeIDE_1.13.1/STM32CubeIDE/plugins/com.st.stm32cube.ide.mcu.externaltools.gnu-tools-for-stm32.11.3.rel1.win32_1.1.0.202305231506/tools/bin/../lib/gcc/arm-none-eabi/11.3.1/../../../../arm-none-eabi/lib/thumb/v7e-m+fp/hard/crt0.o (memset)
C:/ST/STM32CubeIDE_1.13.1/STM32CubeIDE/plugins/com.st.stm32cube.ide.mcu.externaltools.gnu-tools-for-stm32.11.3.rel1.win32_1.1.0.202305231506/tools/bin/../lib/gcc/arm-none-eabi/11.3.1/../../../../arm-none-eabi/lib/thumb/v7e-m+fp/hard\libc_nano.a(libc_a-closer.o)
                              C:/ST/STM32CubeIDE_1.13.1/STM32CubeIDE/plugins/com.st.stm32cube.ide.mcu.externaltools.gnu-tools-for-stm32.11.3.rel1.win32_1.1.0.202305231506/tools/bin/../lib/gcc/arm-none-eabi/11.3.1/../../../../arm-none-eabi/lib/thumb/v7e-m+fp/hard\libc_nano.a(libc_a-stdio.o) (_close_r)
C:/ST/STM32CubeIDE_1.13.1/STM32CubeIDE/plugins/com.st.stm32cube.ide.mcu.externaltools.gnu-tools-for-stm32.11.3.rel1.win32_1.1.0.202305231506/tools/bin/../lib/gcc/arm-none-eabi/11.3.1/../../../../arm-none-eabi/lib/thumb/v7e-m+fp/hard\libc_nano.a(libc_a-reent.o)
                              C:/ST/STM32CubeIDE_1.13.1/STM32CubeIDE/plugins/com.st.stm32cube.ide.mcu.externaltools.gnu-tools-for-stm32.11.3.rel1.win32_1.1.0.202305231506/tools/bin/../lib/gcc/arm-none-eabi/11.3.1/../../../../arm-none-eabi/lib/thumb/v7e-m+fp/hard\libc_nano.a(libc_a-closer.o) (errno)
C:/ST/STM32CubeIDE_1.13.1/STM32CubeIDE/plugins/com.st.stm32cube.ide.mcu.externaltools.gnu-tools-for-stm32.11.3.rel1.win32_1.1.0.202305231506/tools/bin/../lib/gcc/arm-none-eabi/11.3.1/../../../../arm-none-eabi/lib/thumb/v7e-m+fp/hard\libc_nano.a(libc_a-impure.o)
                              C:/ST/STM32CubeIDE_1.13.1/STM32CubeIDE/plugins/com.st.stm32cube.ide.mcu.externaltools.gnu-tools-for-stm32.11.3.rel1.win32_1.1.0.202305231506/tools/bin/../lib/gcc/arm-none-eabi/11.3.1/../../../../arm-none-eabi/lib/thumb/v7e-m+fp/hard\libc_nano.a(libc_a-reent.o) (_impure_ptr)
C:/ST/STM32CubeIDE_1.13.1/STM32CubeIDE/plugins/com.st.stm32cube.ide.mcu.externaltools.gnu-tools-for-stm32.11.3.rel1.win32_1.1.0.202305231506/tools/bin/../lib/gcc/arm-none-eabi/11.3.1/../../../../arm-none-eabi/lib/thumb/v7e-m+fp/hard\libc_nano.a(libc_a-lseekr.o)
[...]
Memory Configuration

Name             Origin             Length             Attributes
CCMRAM           0x0000000010000000 0x0000000000010000 xrw
RAM              0x0000000020000000 0x0000000000020000 xrw
FLASH            0x0000000008000000 0x0000000000080000 xr
*default*        0x0000000000000000 0xffffffffffffffff

Linker script and memory map

LOAD C:/ST/STM32CubeIDE_1.13.1/STM32CubeIDE/plugins/com.st.stm32cube.ide.mcu.externaltools.gnu-tools-for-stm32.11.3.rel1.win32_1.1.0.202305231506/tools/bin/../lib/gcc/arm-none-eabi/11.3.1/thumb/v7e-m+fp/hard/crti.o
LOAD C:/ST/STM32CubeIDE_1.13.1/STM32CubeIDE/plugins/com.st.stm32cube.ide.mcu.externaltools.gnu-tools-for-stm32.11.3.rel1.win32_1.1.0.202305231506/tools/bin/../lib/gcc/arm-none-eabi/11.3.1/thumb/v7e-m+fp/hard/crtbegin.o
LOAD C:/ST/STM32CubeIDE_1.13.1/STM32CubeIDE/plugins/com.st.stm32cube.ide.mcu.externaltools.gnu-tools-for-stm32.11.3.rel1.win32_1.1.0.202305231506/tools/bin/../lib/gcc/arm-none-eabi/11.3.1/../../../../arm-none-eabi/lib/thumb/v7e-m+fp/hard/crt0.o
LOAD ./Core/Src/main.o
LOAD ./Core/Src/stm32f4xx_hal_msp.o
LOAD ./Core/Src/stm32f4xx_it.o
LOAD ./Core/Src/syscalls.o
LOAD ./Core/Src/sysmem.o
LOAD ./Core/Src/system_stm32f4xx.o
LOAD ./Core/Startup/startup_stm32f407vetx.o
LOAD ./Drivers/STM32F4xx_HAL_Driver/Src/stm32f4xx_hal.o
LOAD ./Drivers/STM32F4xx_HAL_Driver/Src/stm32f4xx_hal_cortex.o
LOAD ./Drivers/STM32F4xx_HAL_Driver/Src/stm32f4xx_hal_dma.o
LOAD ./Drivers/STM32F4xx_HAL_Driver/Src/stm32f4xx_hal_dma_ex.o
LOAD ./Drivers/STM32F4xx_HAL_Driver/Src/stm32f4xx_hal_exti.o
LOAD ./Drivers/STM32F4xx_HAL_Driver/Src/stm32f4xx_hal_flash.o
LOAD ./Drivers/STM32F4xx_HAL_Driver/Src/stm32f4xx_hal_flash_ex.o
LOAD ./Drivers/STM32F4xx_HAL_Driver/Src/stm32f4xx_hal_flash_ramfunc.o
LOAD ./Drivers/STM32F4xx_HAL_Driver/Src/stm32f4xx_hal_gpio.o
LOAD ./Drivers/STM32F4xx_HAL_Driver/Src/stm32f4xx_hal_pwr.o
LOAD ./Drivers/STM32F4xx_HAL_Driver/Src/stm32f4xx_hal_pwr_ex.o
LOAD ./Drivers/STM32F4xx_HAL_Driver/Src/stm32f4xx_hal_rcc.o
LOAD ./Drivers/STM32F4xx_HAL_Driver/Src/stm32f4xx_hal_rcc_ex.o
LOAD ./Drivers/STM32F4xx_HAL_Driver/Src/stm32f4xx_hal_tim.o
LOAD ./Drivers/STM32F4xx_HAL_Driver/Src/stm32f4xx_hal_tim_ex.o
LOAD ./Drivers/STM32F4xx_HAL_Driver/Src/stm32f4xx_hal_uart.o
START GROUP
LOAD C:/ST/STM32CubeIDE_1.13.1/STM32CubeIDE/plugins/com.st.stm32cube.ide.mcu.externaltools.gnu-tools-for-stm32.11.3.rel1.win32_1.1.0.202305231506/tools/bin/../lib/gcc/arm-none-eabi/11.3.1/../../../../arm-none-eabi/lib/thumb/v7e-m+fp/hard\libc_nano.a
LOAD C:/ST/STM32CubeIDE_1.13.1/STM32CubeIDE/plugins/com.st.stm32cube.ide.mcu.externaltools.gnu-tools-for-stm32.11.3.rel1.win32_1.1.0.202305231506/tools/bin/../lib/gcc/arm-none-eabi/11.3.1/../../../../arm-none-eabi/lib/thumb/v7e-m+fp/hard\libm.a
END GROUP
START GROUP
LOAD C:/ST/STM32CubeIDE_1.13.1/STM32CubeIDE/plugins/com.st.stm32cube.ide.mcu.externaltools.gnu-tools-for-stm32.11.3.rel1.win32_1.1.0.202305231506/tools/bin/../lib/gcc/arm-none-eabi/11.3.1/thumb/v7e-m+fp/hard\libgcc.a
LOAD C:/ST/STM32CubeIDE_1.13.1/STM32CubeIDE/plugins/com.st.stm32cube.ide.mcu.externaltools.gnu-tools-for-stm32.11.3.rel1.win32_1.1.0.202305231506/tools/bin/../lib/gcc/arm-none-eabi/11.3.1/../../../../arm-none-eabi/lib/thumb/v7e-m+fp/hard\libc_nano.a
END GROUP
START GROUP
LOAD C:/ST/STM32CubeIDE_1.13.1/STM32CubeIDE/plugins/com.st.stm32cube.ide.mcu.externaltools.gnu-tools-for-stm32.11.3.rel1.win32_1.1.0.202305231506/tools/bin/../lib/gcc/arm-none-eabi/11.3.1/thumb/v7e-m+fp/hard\libgcc.a
LOAD C:/ST/STM32CubeIDE_1.13.1/STM32CubeIDE/plugins/com.st.stm32cube.ide.mcu.externaltools.gnu-tools-for-stm32.11.3.rel1.win32_1.1.0.202305231506/tools/bin/../lib/gcc/arm-none-eabi/11.3.1/../../../../arm-none-eabi/lib/thumb/v7e-m+fp/hard\libc_nano.a
LOAD C:/ST/STM32CubeIDE_1.13.1/STM32CubeIDE/plugins/com.st.stm32cube.ide.mcu.externaltools.gnu-tools-for-stm32.11.3.rel1.win32_1.1.0.202305231506/tools/bin/../lib/gcc/arm-none-eabi/11.3.1/../../../../arm-none-eabi/lib/thumb/v7e-m+fp/hard\libnosys.a
END GROUP
START GROUP
LOAD C:/ST/STM32CubeIDE_1.13.1/STM32CubeIDE/plugins/com.st.stm32cube.ide.mcu.externaltools.gnu-tools-for-stm32.11.3.rel1.win32_1.1.0.202305231506/tools/bin/../lib/gcc/arm-none-eabi/11.3.1/thumb/v7e-m+fp/hard\libgcc.a
LOAD C:/ST/STM32CubeIDE_1.13.1/STM32CubeIDE/plugins/com.st.stm32cube.ide.mcu.externaltools.gnu-tools-for-stm32.11.3.rel1.win32_1.1.0.202305231506/tools/bin/../lib/gcc/arm-none-eabi/11.3.1/../../../../arm-none-eabi/lib/thumb/v7e-m+fp/hard\libc_nano.a
LOAD C:/ST/STM32CubeIDE_1.13.1/STM32CubeIDE/plugins/com.st.stm32cube.ide.mcu.externaltools.gnu-tools-for-stm32.11.3.rel1.win32_1.1.0.202305231506/tools/bin/../lib/gcc/arm-none-eabi/11.3.1/../../../../arm-none-eabi/lib/thumb/v7e-m+fp/hard\libnosys.a
END GROUP
LOAD C:/ST/STM32CubeIDE_1.13.1/STM32CubeIDE/plugins/com.st.stm32cube.ide.mcu.externaltools.gnu-tools-for-stm32.11.3.rel1.win32_1.1.0.202305231506/tools/bin/../lib/gcc/arm-none-eabi/11.3.1/thumb/v7e-m+fp/hard/crtend.o
LOAD C:/ST/STM32CubeIDE_1.13.1/STM32CubeIDE/plugins/com.st.stm32cube.ide.mcu.externaltools.gnu-tools-for-stm32.11.3.rel1.win32_1.1.0.202305231506/tools/bin/../lib/gcc/arm-none-eabi/11.3.1/thumb/v7e-m+fp/hard/crtn.o
                0x0000000020020000                _estack = (ORIGIN (RAM) + LENGTH (RAM))
                0x0000000000000200                _Min_Heap_Size = 0x200
                0x0000000000000400                _Min_Stack_Size = 0x400

.isr_vector     0x0000000008000000      0x188
                0x0000000008000000                . = ALIGN (0x4)
 *(.isr_vector)
 .isr_vector    0x0000000008000000      0x188 ./Core/Startup/startup_stm32f407vetx.o
                0x0000000008000000                g_pfnVectors
                0x0000000008000188                . = ALIGN (0x4)

.text           0x0000000008000188     0x3f60
                0x0000000008000188                . = ALIGN (0x4)
 *(.text)
 .text          0x0000000008000188       0x40 C:/ST/STM32CubeIDE_1.13.1/STM32CubeIDE/plugins/com.st.stm32cube.ide.mcu.externaltools.gnu-tools-for-stm32.11.3.rel1.win32_1.1.0.202305231506/tools/bin/../lib/gcc/arm-none-eabi/11.3.1/thumb/v7e-m+fp/hard/crtbegin.o
 .text          0x00000000080001c8       0x30 C:/ST/STM32CubeIDE_1.13.1/STM32CubeIDE/plugins/com.st.stm32cube.ide.mcu.externaltools.gnu-tools-for-stm32.11.3.rel1.win32_1.1.0.202305231506/tools/bin/../lib/gcc/arm-none-eabi/11.3.1/thumb/v7e-m+fp/hard\libgcc.a(_aeabi_uldivmod.o)
                0x00000000080001c8                __aeabi_uldivmod
 .text          0x00000000080001f8      0x2c8 C:/ST/STM32CubeIDE_1.13.1/STM32CubeIDE/plugins/com.st.stm32cube.ide.mcu.externaltools.gnu-tools-for-stm32.11.3.rel1.win32_1.1.0.202305231506/tools/bin/../lib/gcc/arm-none-eabi/11.3.1/thumb/v7e-m+fp/hard\libgcc.a(_udivmoddi4.o)
                0x00000000080001f8                __udivmoddi4
 .text          0x00000000080004c0        0x4 C:/ST/STM32CubeIDE_1.13.1/STM32CubeIDE/plugins/com.st.stm32cube.ide.mcu.externaltools.gnu-tools-for-stm32.11.3.rel1.win32_1.1.0.202305231506/tools/bin/../lib/gcc/arm-none-eabi/11.3.1/thumb/v7e-m+fp/hard\libgcc.a(_dvmd_tls.o)
                0x00000000080004c0                __aeabi_idiv0
                0x00000000080004c0                __aeabi_ldiv0
 *(.text*)
 .text.WS2812_Send
                0x00000000080004c4       0xd0 ./Core/Src/main.o
                0x00000000080004c4                WS2812_Send
 .text.main     0x0000000008000594       0xb8 ./Core/Src/main.o
                0x0000000008000594                main
 .text.SystemClock_Config
                0x000000000800064c       0xd4 ./Core/Src/main.o
                0x000000000800064c                SystemClock_Config
 .text.MX_TIM1_Init
                0x0000000008000720      0x140 ./Core/Src/main.o
 .text.MX_TIM2_Init
                0x0000000008000860       0x98 ./Core/Src/main.o
 .text.MX_USART1_UART_Init
                0x00000000080008f8       0x54 ./Core/Src/main.o
 .text.MX_DMA_Init
                0x000000000800094c       0x40 ./Core/Src/main.o
 .text.MX_GPIO_Init
                0x000000000800098c       0xc0 ./Core/Src/main.o
 .text.HAL_GPIO_EXTI_Callback
                0x0000000008000a4c       0xac ./Core/Src/main.o
                0x0000000008000a4c                HAL_GPIO_EXTI_Callback
 .text.HAL_TIM_PWM_PulseFinishedCallback
                0x0000000008000af8       0x28 ./Core/Src/main.o
                0x0000000008000af8                HAL_TIM_PWM_PulseFinishedCallback
 .text.Error_Handler
                0x0000000008000b20        0xa ./Core/Src/main.o
                0x0000000008000b20                Error_Handler
 *fill*         0x0000000008000b2a        0x2 
 .text.HAL_MspInit
                0x0000000008000b2c       0x50 ./Core/Src/stm32f4xx_hal_msp.o
                0x0000000008000b2c                HAL_MspInit
 .text.HAL_TIM_Base_MspInit
                0x0000000008000b7c       0xd0 ./Core/Src/stm32f4xx_hal_msp.o
                0x0000000008000b7c                HAL_TIM_Base_MspInit
 .text.HAL_TIM_MspPostInit
                0x0000000008000c4c       0x74 ./Core/Src/stm32f4xx_hal_msp.o
                0x0000000008000c4c                HAL_TIM_MspPostInit
 .text.HAL_UART_MspInit
                0x0000000008000cc0       0x90 ./Core/Src/stm32f4xx_hal_msp.o
                0x0000000008000cc0                HAL_UART_MspInit
 .text.NMI_Handler
                0x0000000008000d50        0x6 ./Core/Src/stm32f4xx_it.o
                0x0000000008000d50                NMI_Handler
 .text.HardFault_Handler
                0x0000000008000d56        0x6 ./Core/Src/stm32f4xx_it.o
                0x0000000008000d56                HardFault_Handler
 .text.MemManage_Handler
                0x0000000008000d5c        0x6 ./Core/Src/stm32f4xx_it.o
                0x0000000008000d5c                MemManage_Handler
 .text.BusFault_Handler
                0x0000000008000d62        0x6 ./Core/Src/stm32f4xx_it.o
                0x0000000008000d62                BusFault_Handler
 .text.UsageFault_Handler
                0x0000000008000d68        0x6 ./Core/Src/stm32f4xx_it.o
                0x0000000008000d68                UsageFault_Handler
 .text.SVC_Handler
                0x0000000008000d6e        0xe ./Core/Src/stm32f4xx_it.o
                0x0000000008000d6e                SVC_Handler
 .text.DebugMon_Handler
                0x0000000008000d7c        0xe ./Core/Src/stm32f4xx_it.o
                0x0000000008000d7c                DebugMon_Handler
 .text.PendSV_Handler
                0x0000000008000d8a        0xe ./Core/Src/stm32f4xx_it.o
                0x0000000008000d8a                PendSV_Handler
 .text.SysTick_Handler
                0x0000000008000d98        0xc ./Core/Src/stm32f4xx_it.o
                0x0000000008000d98                SysTick_Handler
 .text.EXTI0_IRQHandler
                0x0000000008000da4        0xe ./Core/Src/stm32f4xx_it.o
                0x0000000008000da4                EXTI0_IRQHandler
 *fill*         0x0000000008000db2        0x2 
 .text.DMA2_Stream1_IRQHandler
                0x0000000008000db4       0x14 ./Core/Src/stm32f4xx_it.o
                0x0000000008000db4                DMA2_Stream1_IRQHandler
 .text.SystemInit
                0x0000000008000dc8       0x24 ./Core/Src/system_stm32f4xx.o
                0x0000000008000dc8                SystemInit
 .text.Reset_Handler
                0x0000000008000dec       0x50 ./Core/Startup/startup_stm32f407vetx.o
                0x0000000008000dec                Reset_Handler
 .text.Default_Handler
                0x0000000008000e3c        0x2 ./Core/Startup/startup_stm32f407vetx.o
                0x0000000008000e3c                RTC_Alarm_IRQHandler
                0x0000000008000e3c                HASH_RNG_IRQHandler
                0x0000000008000e3c                EXTI2_IRQHandler
                0x0000000008000e3c                TIM8_CC_IRQHandler
                0x0000000008000e3c                TIM1_CC_IRQHandler
                0x0000000008000e3c                DMA2_Stream5_IRQHandler
                0x0000000008000e3c                DMA1_Stream5_IRQHandler
                0x0000000008000e3c                PVD_IRQHandler
                0x0000000008000e3c                SDIO_IRQHandler
                0x0000000008000e3c                TAMP_STAMP_IRQHandler
                0x0000000008000e3c                CAN2_RX1_IRQHandler
                0x0000000008000e3c                EXTI3_IRQHandler
                0x0000000008000e3c                TIM8_TRG_COM_TIM14_IRQHandler
                0x0000000008000e3c                TIM1_UP_TIM10_IRQHandler
                0x0000000008000e3c                TIM8_UP_TIM13_IRQHandler
                0x0000000008000e3c                I2C3_ER_IRQHandler
                0x0000000008000e3c                I2C2_EV_IRQHandler
                0x0000000008000e3c                DMA1_Stream2_IRQHandler
                0x0000000008000e3c                CAN1_RX0_IRQHandler
                0x0000000008000e3c                FPU_IRQHandler
                0x0000000008000e3c                OTG_HS_WKUP_IRQHandler
                0x0000000008000e3c                CAN2_SCE_IRQHandler
                0x0000000008000e3c                DMA2_Stream2_IRQHandler
                0x0000000008000e3c                SPI1_IRQHandler
                0x0000000008000e3c                TIM6_DAC_IRQHandler
                0x0000000008000e3c                TIM1_BRK_TIM9_IRQHandler
                0x0000000008000e3c                DCMI_IRQHandler
                0x0000000008000e3c                CAN2_RX0_IRQHandler
                0x0000000008000e3c                DMA2_Stream3_IRQHandler
                0x0000000008000e3c                USART6_IRQHandler
                0x0000000008000e3c                USART3_IRQHandler
                0x0000000008000e3c                CAN1_RX1_IRQHandler
                0x0000000008000e3c                UART5_IRQHandler
                0x0000000008000e3c                DMA2_Stream0_IRQHandler
                0x0000000008000e3c                TIM4_IRQHandler
                0x0000000008000e3c                I2C1_EV_IRQHandler
                0x0000000008000e3c                DMA1_Stream6_IRQHandler
                0x0000000008000e3c                DMA1_Stream1_IRQHandler
                0x0000000008000e3c                UART4_IRQHandler
                0x0000000008000e3c                TIM3_IRQHandler
                0x0000000008000e3c                RCC_IRQHandler
                0x0000000008000e3c                TIM8_BRK_TIM12_IRQHandler
                0x0000000008000e3c                Default_Handler
                0x0000000008000e3c                EXTI15_10_IRQHandler
                0x0000000008000e3c                ADC_IRQHandler
                0x0000000008000e3c                DMA1_Stream7_IRQHandler
                0x0000000008000e3c                TIM7_IRQHandler
                0x0000000008000e3c                CAN2_TX_IRQHandler
                0x0000000008000e3c                TIM5_IRQHandler
                0x0000000008000e3c                DMA2_Stream7_IRQHandler
                0x0000000008000e3c                I2C3_EV_IRQHandler
                0x0000000008000e3c                EXTI9_5_IRQHandler
                0x0000000008000e3c                RTC_WKUP_IRQHandler
                0x0000000008000e3c                ETH_WKUP_IRQHandler
                0x0000000008000e3c                SPI2_IRQHandler
                0x0000000008000e3c                OTG_HS_EP1_IN_IRQHandler
                0x0000000008000e3c                DMA1_Stream0_IRQHandler
                0x0000000008000e3c                CAN1_TX_IRQHandler
                0x0000000008000e3c                EXTI4_IRQHandler
                0x0000000008000e3c                FSMC_IRQHandler
                0x0000000008000e3c                ETH_IRQHandler
                0x0000000008000e3c                OTG_HS_EP1_OUT_IRQHandler
                0x0000000008000e3c                WWDG_IRQHandler
                0x0000000008000e3c                TIM2_IRQHandler
                0x0000000008000e3c                OTG_FS_WKUP_IRQHandler
                0x0000000008000e3c                TIM1_TRG_COM_TIM11_IRQHandler
                0x0000000008000e3c                OTG_HS_IRQHandler
                0x0000000008000e3c                EXTI1_IRQHandler
                0x0000000008000e3c                USART2_IRQHandler
                0x0000000008000e3c                I2C2_ER_IRQHandler
                0x0000000008000e3c                CAN1_SCE_IRQHandler
                0x0000000008000e3c                FLASH_IRQHandler
                0x0000000008000e3c                DMA2_Stream4_IRQHandler
                0x0000000008000e3c                USART1_IRQHandler
                0x0000000008000e3c                OTG_FS_IRQHandler
                0x0000000008000e3c                SPI3_IRQHandler
                0x0000000008000e3c                DMA1_Stream4_IRQHandler
                0x0000000008000e3c                I2C1_ER_IRQHandler
                0x0000000008000e3c                DMA2_Stream6_IRQHandler
                0x0000000008000e3c                DMA1_Stream3_IRQHandler
 *fill*         0x0000000008000e3e        0x2 
 .text.HAL_Init
                0x0000000008000e40       0x44 ./Drivers/STM32F4xx_HAL_Driver/Src/stm32f4xx_hal.o
                0x0000000008000e40                HAL_Init
 .text.HAL_InitTick
                0x0000000008000e84       0x60 ./Drivers/STM32F4xx_HAL_Driver/Src/stm32f4xx_hal.o
                0x0000000008000e84                HAL_InitTick
 .text.HAL_IncTick
                0x0000000008000ee4       0x28 ./Drivers/STM32F4xx_HAL_Driver/Src/stm32f4xx_hal.o
                0x0000000008000ee4                HAL_IncTick
 .text.HAL_GetTick
                0x0000000008000f0c       0x18 ./Drivers/STM32F4xx_HAL_Driver/Src/stm32f4xx_hal.o
                0x0000000008000f0c                HAL_GetTick
 .text.__NVIC_SetPriorityGrouping
                0x0000000008000f24       0x48 ./Drivers/STM32F4xx_HAL_Driver/Src/stm32f4xx_hal_cortex.o
 .text.__NVIC_GetPriorityGrouping
                0x0000000008000f6c       0x1c ./Drivers/STM32F4xx_HAL_Driver/Src/stm32f4xx_hal_cortex.o
 .text.__NVIC_EnableIRQ
                0x0000000008000f88       0x3c ./Drivers/STM32F4xx_HAL_Driver/Src/stm32f4xx_hal_cortex.o
 .text.__NVIC_SetPriority
                0x0000000008000fc4       0x54 ./Drivers/STM32F4xx_HAL_Driver/Src/stm32f4xx_hal_cortex.o
 .text.NVIC_EncodePriority
                0x0000000008001018       0x66 ./Drivers/STM32F4xx_HAL_Driver/Src/stm32f4xx_hal_cortex.o
 *fill*         0x000000000800107e        0x2 
 .text.SysTick_Config
                0x0000000008001080       0x44 ./Drivers/STM32F4xx_HAL_Driver/Src/stm32f4xx_hal_cortex.o
 .text.HAL_NVIC_SetPriorityGrouping
                0x00000000080010c4       0x16 ./Drivers/STM32F4xx_HAL_Driver/Src/stm32f4xx_hal_cortex.o
                0x00000000080010c4                HAL_NVIC_SetPriorityGrouping
 .text.HAL_NVIC_SetPriority
                0x00000000080010da       0x38 ./Drivers/STM32F4xx_HAL_Driver/Src/stm32f4xx_hal_cortex.o
                0x00000000080010da                HAL_NVIC_SetPriority
 .text.HAL_NVIC_EnableIRQ
                0x0000000008001112       0x1c ./Drivers/STM32F4xx_HAL_Driver/Src/stm32f4xx_hal_cortex.o
                0x0000000008001112                HAL_NVIC_EnableIRQ
 .text.HAL_SYSTICK_Config
                0x000000000800112e       0x18 ./Drivers/STM32F4xx_HAL_Driver/Src/stm32f4xx_hal_cortex.o
                0x000000000800112e                HAL_SYSTICK_Config
 *fill*         0x0000000008001146        0x2 
 .text.HAL_DMA_Init
                0x0000000008001148      0x15c ./Drivers/STM32F4xx_HAL_Driver/Src/stm32f4xx_hal_dma.o
                0x0000000008001148                HAL_DMA_Init
 .text.HAL_DMA_Start_IT
                0x00000000080012a4       0xb0 ./Drivers/STM32F4xx_HAL_Driver/Src/stm32f4xx_hal_dma.o
                0x00000000080012a4                HAL_DMA_Start_IT
 .text.HAL_DMA_Abort_IT
                0x0000000008001354       0x44 ./Drivers/STM32F4xx_HAL_Driver/Src/stm32f4xx_hal_dma.o
                0x0000000008001354                HAL_DMA_Abort_IT
 .text.HAL_DMA_IRQHandler
                0x0000000008001398      0x314 ./Drivers/STM32F4xx_HAL_Driver/Src/stm32f4xx_hal_dma.o
                0x0000000008001398                HAL_DMA_IRQHandler
 .text.DMA_SetConfig
                0x00000000080016ac       0x5c ./Drivers/STM32F4xx_HAL_Driver/Src/stm32f4xx_hal_dma.o
 .text.DMA_CalcBaseAndBitshift
                0x0000000008001708       0x6c ./Drivers/STM32F4xx_HAL_Driver/Src/stm32f4xx_hal_dma.o
 .text.DMA_CheckFifoParam
                0x0000000008001774       0xf8 ./Drivers/STM32F4xx_HAL_Driver/Src/stm32f4xx_hal_dma.o
 .text.HAL_GPIO_Init
                0x000000000800186c      0x338 ./Drivers/STM32F4xx_HAL_Driver/Src/stm32f4xx_hal_gpio.o
                0x000000000800186c                HAL_GPIO_Init
 .text.HAL_GPIO_EXTI_IRQHandler
                0x0000000008001ba4       0x30 ./Drivers/STM32F4xx_HAL_Driver/Src/stm32f4xx_hal_gpio.o
                0x0000000008001ba4                HAL_GPIO_EXTI_IRQHandler
 .text.HAL_RCC_OscConfig
                0x0000000008001bd4      0x4f0 ./Drivers/STM32F4xx_HAL_Driver/Src/stm32f4xx_hal_rcc.o
                0x0000000008001bd4                HAL_RCC_OscConfig
 .text.HAL_RCC_ClockConfig
                0x00000000080020c4      0x1cc ./Drivers/STM32F4xx_HAL_Driver/Src/stm32f4xx_hal_rcc.o
                0x00000000080020c4                HAL_RCC_ClockConfig
 .text.HAL_RCC_GetSysClockFreq
                0x0000000008002290      0x20c ./Drivers/STM32F4xx_HAL_Driver/Src/stm32f4xx_hal_rcc.o
                0x0000000008002290                HAL_RCC_GetSysClockFreq
 .text.HAL_RCC_GetHCLKFreq
                0x000000000800249c       0x18 ./Drivers/STM32F4xx_HAL_Driver/Src/stm32f4xx_hal_rcc.o
                0x000000000800249c                HAL_RCC_GetHCLKFreq
 .text.HAL_RCC_GetPCLK1Freq
                0x00000000080024b4       0x28 ./Drivers/STM32F4xx_HAL_Driver/Src/stm32f4xx_hal_rcc.o
                0x00000000080024b4                HAL_RCC_GetPCLK1Freq
 .text.HAL_RCC_GetPCLK2Freq
                0x00000000080024dc       0x28 ./Drivers/STM32F4xx_HAL_Driver/Src/stm32f4xx_hal_rcc.o
                0x00000000080024dc                HAL_RCC_GetPCLK2Freq
 .text.HAL_TIM_Base_Init
                0x0000000008002504       0x9e ./Drivers/STM32F4xx_HAL_Driver/Src/stm32f4xx_hal_tim.o
                0x0000000008002504                HAL_TIM_Base_Init
 *fill*         0x00000000080025a2        0x2 
 .text.HAL_TIM_Base_Start
                0x00000000080025a4       0xd0 ./Drivers/STM32F4xx_HAL_Driver/Src/stm32f4xx_hal_tim.o
                0x00000000080025a4                HAL_TIM_Base_Start
 .text.HAL_TIM_PWM_Init
                0x0000000008002674       0x9e ./Drivers/STM32F4xx_HAL_Driver/Src/stm32f4xx_hal_tim.o
                0x0000000008002674                HAL_TIM_PWM_Init
 .text.HAL_TIM_PWM_MspInit
                0x0000000008002712       0x14 ./Drivers/STM32F4xx_HAL_Driver/Src/stm32f4xx_hal_tim.o
                0x0000000008002712                HAL_TIM_PWM_MspInit
 *fill*         0x0000000008002726        0x2 
 .text.HAL_TIM_PWM_Start_DMA
                0x0000000008002728      0x390 ./Drivers/STM32F4xx_HAL_Driver/Src/stm32f4xx_hal_tim.o
                0x0000000008002728                HAL_TIM_PWM_Start_DMA
 .text.HAL_TIM_PWM_Stop_DMA
                0x0000000008002ab8      0x1a4 ./Drivers/STM32F4xx_HAL_Driver/Src/stm32f4xx_hal_tim.o
                0x0000000008002ab8                HAL_TIM_PWM_Stop_DMA
 .text.HAL_TIM_PWM_ConfigChannel
                0x0000000008002c5c      0x184 ./Drivers/STM32F4xx_HAL_Driver/Src/stm32f4xx_hal_tim.o
                0x0000000008002c5c                HAL_TIM_PWM_ConfigChannel
 .text.HAL_TIM_ConfigClockSource
                0x0000000008002de0      0x18e ./Drivers/STM32F4xx_HAL_Driver/Src/stm32f4xx_hal_tim.o
                0x0000000008002de0                HAL_TIM_ConfigClockSource
 .text.HAL_TIM_PWM_PulseFinishedHalfCpltCallback
                0x0000000008002f6e       0x14 ./Drivers/STM32F4xx_HAL_Driver/Src/stm32f4xx_hal_tim.o
                0x0000000008002f6e                HAL_TIM_PWM_PulseFinishedHalfCpltCallback
 .text.HAL_TIM_ErrorCallback
                0x0000000008002f82       0x14 ./Drivers/STM32F4xx_HAL_Driver/Src/stm32f4xx_hal_tim.o
                0x0000000008002f82                HAL_TIM_ErrorCallback
 .text.TIM_DMAError
                0x0000000008002f96       0x92 ./Drivers/STM32F4xx_HAL_Driver/Src/stm32f4xx_hal_tim.o
                0x0000000008002f96                TIM_DMAError
 .text.TIM_DMADelayPulseCplt
                0x0000000008003028       0xa8 ./Drivers/STM32F4xx_HAL_Driver/Src/stm32f4xx_hal_tim.o
 .text.TIM_DMADelayPulseHalfCplt
                0x00000000080030d0       0x68 ./Drivers/STM32F4xx_HAL_Driver/Src/stm32f4xx_hal_tim.o
                0x00000000080030d0                TIM_DMADelayPulseHalfCplt
 .text.TIM_Base_SetConfig
                0x0000000008003138      0x140 ./Drivers/STM32F4xx_HAL_Driver/Src/stm32f4xx_hal_tim.o
                0x0000000008003138                TIM_Base_SetConfig
 .text.TIM_OC1_SetConfig
                0x0000000008003278       0xe0 ./Drivers/STM32F4xx_HAL_Driver/Src/stm32f4xx_hal_tim.o
 .text.TIM_OC2_SetConfig
                0x0000000008003358       0xec ./Drivers/STM32F4xx_HAL_Driver/Src/stm32f4xx_hal_tim.o
                0x0000000008003358                TIM_OC2_SetConfig
 .text.TIM_OC3_SetConfig
                0x0000000008003444       0xe8 ./Drivers/STM32F4xx_HAL_Driver/Src/stm32f4xx_hal_tim.o
 .text.TIM_OC4_SetConfig
                0x000000000800352c       0xac ./Drivers/STM32F4xx_HAL_Driver/Src/stm32f4xx_hal_tim.o
 .text.TIM_TI1_ConfigInputStage
                0x00000000080035d8       0x5e ./Drivers/STM32F4xx_HAL_Driver/Src/stm32f4xx_hal_tim.o
 .text.TIM_TI2_ConfigInputStage
                0x0000000008003636       0x60 ./Drivers/STM32F4xx_HAL_Driver/Src/stm32f4xx_hal_tim.o
 .text.TIM_ITRx_SetConfig
                0x0000000008003696       0x36 ./Drivers/STM32F4xx_HAL_Driver/Src/stm32f4xx_hal_tim.o
 .text.TIM_ETR_SetConfig
                0x00000000080036cc       0x40 ./Drivers/STM32F4xx_HAL_Driver/Src/stm32f4xx_hal_tim.o
                0x00000000080036cc                TIM_ETR_SetConfig
 .text.TIM_CCxChannelCmd
                0x000000000800370c       0x4a ./Drivers/STM32F4xx_HAL_Driver/Src/stm32f4xx_hal_tim.o
                0x000000000800370c                TIM_CCxChannelCmd
 *fill*         0x0000000008003756        0x2 
 .text.HAL_TIMEx_MasterConfigSynchronization
                0x0000000008003758       0xf8 ./Drivers/STM32F4xx_HAL_Driver/Src/stm32f4xx_hal_tim_ex.o
                0x0000000008003758                HAL_TIMEx_MasterConfigSynchronization
 .text.HAL_TIMEx_ConfigBreakDeadTime
                0x0000000008003850       0xa4 ./Drivers/STM32F4xx_HAL_Driver/Src/stm32f4xx_hal_tim_ex.o
                0x0000000008003850                HAL_TIMEx_ConfigBreakDeadTime
 .text.HAL_UART_Init
                0x00000000080038f4       0x9a ./Drivers/STM32F4xx_HAL_Driver/Src/stm32f4xx_hal_uart.o
                0x00000000080038f4                HAL_UART_Init
 .text.HAL_UART_Transmit
                0x000000000800398e      0x124 ./Drivers/STM32F4xx_HAL_Driver/Src/stm32f4xx_hal_uart.o
                0x000000000800398e                HAL_UART_Transmit
 .text.UART_WaitOnFlagUntilTimeout
                0x0000000008003ab2       0xdc ./Drivers/STM32F4xx_HAL_Driver/Src/stm32f4xx_hal_uart.o
 *fill*         0x0000000008003b8e        0x2 
 .text.UART_SetConfig
                0x0000000008003b90      0x4e8 ./Drivers/STM32F4xx_HAL_Driver/Src/stm32f4xx_hal_uart.o
 .text.memset   0x0000000008004078       0x10 C:/ST/STM32CubeIDE_1.13.1/STM32CubeIDE/plugins/com.st.stm32cube.ide.mcu.externaltools.gnu-tools-for-stm32.11.3.rel1.win32_1.1.0.202305231506/tools/bin/../lib/gcc/arm-none-eabi/11.3.1/../../../../arm-none-eabi/lib/thumb/v7e-m+fp/hard\libc_nano.a(libc_a-memset.o)
                0x0000000008004078                memset
 .text.__libc_init_array
                0x0000000008004088       0x48 C:/ST/STM32CubeIDE_1.13.1/STM32CubeIDE/plugins/com.st.stm32cube.ide.mcu.externaltools.gnu-tools-for-stm32.11.3.rel1.win32_1.1.0.202305231506/tools/bin/../lib/gcc/arm-none-eabi/11.3.1/../../../../arm-none-eabi/lib/thumb/v7e-m+fp/hard\libc_nano.a(libc_a-init.o)
                0x0000000008004088                __libc_init_array
 *(.glue_7)
 .glue_7        0x00000000080040d0        0x0 linker stubs
 *(.glue_7t)
 .glue_7t       0x00000000080040d0        0x0 linker stubs
 *(.eh_frame)
 .eh_frame      0x00000000080040d0        0x0 C:/ST/STM32CubeIDE_1.13.1/STM32CubeIDE/plugins/com.st.stm32cube.ide.mcu.externaltools.gnu-tools-for-stm32.11.3.rel1.win32_1.1.0.202305231506/tools/bin/../lib/gcc/arm-none-eabi/11.3.1/thumb/v7e-m+fp/hard/crtbegin.o
 *(.init)
 .init          0x00000000080040d0        0x4 C:/ST/STM32CubeIDE_1.13.1/STM32CubeIDE/plugins/com.st.stm32cube.ide.mcu.externaltools.gnu-tools-for-stm32.11.3.rel1.win32_1.1.0.202305231506/tools/bin/../lib/gcc/arm-none-eabi/11.3.1/thumb/v7e-m+fp/hard/crti.o
                0x00000000080040d0                _init
 .init          0x00000000080040d4        0x8 C:/ST/STM32CubeIDE_1.13.1/STM32CubeIDE/plugins/com.st.stm32cube.ide.mcu.externaltools.gnu-tools-for-stm32.11.3.rel1.win32_1.1.0.202305231506/tools/bin/../lib/gcc/arm-none-eabi/11.3.1/thumb/v7e-m+fp/hard/crtn.o
 *(.fini)
 .fini          0x00000000080040dc        0x4 C:/ST/STM32CubeIDE_1.13.1/STM32CubeIDE/plugins/com.st.stm32cube.ide.mcu.externaltools.gnu-tools-for-stm32.11.3.rel1.win32_1.1.0.202305231506/tools/bin/../lib/gcc/arm-none-eabi/11.3.1/thumb/v7e-m+fp/hard/crti.o
                0x00000000080040dc                _fini
 .fini          0x00000000080040e0        0x8 C:/ST/STM32CubeIDE_1.13.1/STM32CubeIDE/plugins/com.st.stm32cube.ide.mcu.externaltools.gnu-tools-for-stm32.11.3.rel1.win32_1.1.0.202305231506/tools/bin/../lib/gcc/arm-none-eabi/11.3.1/thumb/v7e-m+fp/hard/crtn.o
                0x00000000080040e8                . = ALIGN (0x4)
                0x00000000080040e8                _etext = .

.vfp11_veneer   0x00000000080040e8        0x0
 .vfp11_veneer  0x00000000080040e8        0x0 linker stubs

.v4_bx          0x00000000080040e8        0x0
 .v4_bx         0x00000000080040e8        0x0 linker stubs

.iplt           0x00000000080040e8        0x0
 .iplt          0x00000000080040e8        0x0 C:/ST/STM32CubeIDE_1.13.1/STM32CubeIDE/plugins/com.st.stm32cube.ide.mcu.externaltools.gnu-tools-for-stm32.11.3.rel1.win32_1.1.0.202305231506/tools/bin/../lib/gcc/arm-none-eabi/11.3.1/thumb/v7e-m+fp/hard/crtbegin.o

.rodata         0x00000000080040e8       0x20
                0x00000000080040e8                . = ALIGN (0x4)
 *(.rodata)
 *(.rodata*)
 .rodata.AHBPrescTable
                0x00000000080040e8       0x10 ./Core/Src/system_stm32f4xx.o
                0x00000000080040e8                AHBPrescTable
 .rodata.APBPrescTable
                0x00000000080040f8        0x8 ./Core/Src/system_stm32f4xx.o
                0x00000000080040f8                APBPrescTable
 .rodata.flagBitshiftOffset.0
                0x0000000008004100        0x8 ./Drivers/STM32F4xx_HAL_Driver/Src/stm32f4xx_hal_dma.o
                0x0000000008004108                . = ALIGN (0x4)

.ARM.extab      0x0000000008004108        0x0
                0x0000000008004108                . = ALIGN (0x4)
 *(.ARM.extab* .gnu.linkonce.armextab.*)
                0x0000000008004108                . = ALIGN (0x4)

.ARM            0x0000000008004108        0x8
                0x0000000008004108                . = ALIGN (0x4)
                0x0000000008004108                __exidx_start = .
 *(.ARM.exidx*)
 .ARM.exidx     0x0000000008004108        0x8 C:/ST/STM32CubeIDE_1.13.1/STM32CubeIDE/plugins/com.st.stm32cube.ide.mcu.externaltools.gnu-tools-for-stm32.11.3.rel1.win32_1.1.0.202305231506/tools/bin/../lib/gcc/arm-none-eabi/11.3.1/thumb/v7e-m+fp/hard\libgcc.a(_udivmoddi4.o)
                0x0000000008004110                __exidx_end = .
                0x0000000008004110                . = ALIGN (0x4)

.rel.dyn        0x0000000008004110        0x0
 .rel.iplt      0x0000000008004110        0x0 C:/ST/STM32CubeIDE_1.13.1/STM32CubeIDE/plugins/com.st.stm32cube.ide.mcu.externaltools.gnu-tools-for-stm32.11.3.rel1.win32_1.1.0.202305231506/tools/bin/../lib/gcc/arm-none-eabi/11.3.1/thumb/v7e-m+fp/hard/crtbegin.o

.preinit_array  0x0000000008004110        0x0
                0x0000000008004110                . = ALIGN (0x4)
                0x0000000008004110                PROVIDE (__preinit_array_start = .)
 *(.preinit_array*)
                0x0000000008004110                PROVIDE (__preinit_array_end = .)
                0x0000000008004110                . = ALIGN (0x4)

.init_array     0x0000000008004110        0x4
                0x0000000008004110                . = ALIGN (0x4)
                0x0000000008004110                PROVIDE (__init_array_start = .)
 *(SORT_BY_NAME(.init_array.*))
 *(.init_array*)
 .init_array    0x0000000008004110        0x4 C:/ST/STM32CubeIDE_1.13.1/STM32CubeIDE/plugins/com.st.stm32cube.ide.mcu.externaltools.gnu-tools-for-stm32.11.3.rel1.win32_1.1.0.202305231506/tools/bin/../lib/gcc/arm-none-eabi/11.3.1/thumb/v7e-m+fp/hard/crtbegin.o
                0x0000000008004114                PROVIDE (__init_array_end = .)
                0x0000000008004114                . = ALIGN (0x4)

.fini_array     0x0000000008004114        0x4
                0x0000000008004114                . = ALIGN (0x4)
                [!provide]                        PROVIDE (__fini_array_start = .)
 *(SORT_BY_NAME(.fini_array.*))
 *(.fini_array*)
 .fini_array    0x0000000008004114        0x4 C:/ST/STM32CubeIDE_1.13.1/STM32CubeIDE/plugins/com.st.stm32cube.ide.mcu.externaltools.gnu-tools-for-stm32.11.3.rel1.win32_1.1.0.202305231506/tools/bin/../lib/gcc/arm-none-eabi/11.3.1/thumb/v7e-m+fp/hard/crtbegin.o
                [!provide]                        PROVIDE (__fini_array_end = .)
                0x0000000008004118                . = ALIGN (0x4)
                0x0000000008004118                _sidata = LOADADDR (.data)

.data           0x0000000020000000       0x10 load address 0x0000000008004118
                0x0000000020000000                . = ALIGN (0x4)
                0x0000000020000000                _sdata = .
 *(.data)
 *(.data*)
 .data.datasentflag
                0x0000000020000000        0x1 ./Core/Src/main.o
                0x0000000020000000                datasentflag
 *fill*         0x0000000020000001        0x3 
 .data.SystemCoreClock
                0x0000000020000004        0x4 ./Core/Src/system_stm32f4xx.o
                0x0000000020000004                SystemCoreClock
 .data.uwTickPrio
                0x0000000020000008        0x4 ./Drivers/STM32F4xx_HAL_Driver/Src/stm32f4xx_hal.o
                0x0000000020000008                uwTickPrio
 .data.uwTickFreq
                0x000000002000000c        0x1 ./Drivers/STM32F4xx_HAL_Driver/Src/stm32f4xx_hal.o
                0x000000002000000c                uwTickFreq
 *(.RamFunc)
 *(.RamFunc*)
                0x0000000020000010                . = ALIGN (0x4)
 *fill*         0x000000002000000d        0x3 
                0x0000000020000010                _edata = .
                0x0000000008004128                _siccmram = LOADADDR (.ccmram)

.igot.plt       0x0000000020000010        0x0 load address 0x0000000008004128
 .igot.plt      0x0000000020000010        0x0 C:/ST/STM32CubeIDE_1.13.1/STM32CubeIDE/plugins/com.st.stm32cube.ide.mcu.externaltools.gnu-tools-for-stm32.11.3.rel1.win32_1.1.0.202305231506/tools/bin/../lib/gcc/arm-none-eabi/11.3.1/thumb/v7e-m+fp/hard/crtbegin.o

.ccmram         0x0000000010000000        0x0 load address 0x0000000008004128
                0x0000000010000000                . = ALIGN (0x4)
                0x0000000010000000                _sccmram = .
 *(.ccmram)
 *(.ccmram*)
                0x0000000010000000                . = ALIGN (0x4)
                0x0000000010000000                _eccmram = .
                0x0000000010000000                . = ALIGN (0x4)

.bss            0x0000000020000010     0xcc60
                0x0000000020000010                _sbss = .
                0x0000000020000010                __bss_start__ = _sbss
 *(.bss)
 .bss           0x0000000020000010       0x1c C:/ST/STM32CubeIDE_1.13.1/STM32CubeIDE/plugins/com.st.stm32cube.ide.mcu.externaltools.gnu-tools-for-stm32.11.3.rel1.win32_1.1.0.202305231506/tools/bin/../lib/gcc/arm-none-eabi/11.3.1/thumb/v7e-m+fp/hard/crtbegin.o
 *(.bss*)
 .bss.htim1     0x000000002000002c       0x48 ./Core/Src/main.o
                0x000000002000002c                htim1
 .bss.htim2     0x0000000020000074       0x48 ./Core/Src/main.o
                0x0000000020000074                htim2
 .bss.hdma_tim1_ch1
                0x00000000200000bc       0x60 ./Core/Src/main.o
                0x00000000200000bc                hdma_tim1_ch1
 .bss.huart1    0x000000002000011c       0x44 ./Core/Src/main.o
                0x000000002000011c                huart1
 .bss.LED_NUMBER
                0x0000000020000160        0x2 ./Core/Src/main.o
                0x0000000020000160                LED_NUMBER
 .bss.cnt       0x0000000020000162        0x2 ./Core/Src/main.o
                0x0000000020000162                cnt
 .bss.pwmData   0x0000000020000164     0xbb64 ./Core/Src/main.o
                0x0000000020000164                pwmData
 .bss.led_data  0x000000002000bcc8      0xf9c ./Core/Src/main.o
                0x000000002000bcc8                led_data
 .bss.led_count
                0x000000002000cc64        0x2 ./Core/Src/main.o
                0x000000002000cc64                led_count
 .bss.ignore_flag
                0x000000002000cc66        0x1 ./Core/Src/main.o
                0x000000002000cc66                ignore_flag
 .bss.captured_flag
                0x000000002000cc67        0x1 ./Core/Src/main.o
                0x000000002000cc67                captured_flag
 .bss.streaming_flag
                0x000000002000cc68        0x1 ./Core/Src/main.o
                0x000000002000cc68                streaming_flag
 *fill*         0x000000002000cc69        0x3 
 .bss.uwTick    0x000000002000cc6c        0x4 ./Drivers/STM32F4xx_HAL_Driver/Src/stm32f4xx_hal.o
                0x000000002000cc6c                uwTick
 *(COMMON)
                0x000000002000cc70                . = ALIGN (0x4)
                0x000000002000cc70                _ebss = .
                0x000000002000cc70                __bss_end__ = _ebss

._user_heap_stack
                0x000000002000cc70      0x600
                0x000000002000cc70                . = ALIGN (0x8)
                [!provide]                        PROVIDE (end = .)
                0x000000002000cc70                PROVIDE (_end = .)
                0x000000002000ce70                . = (. + _Min_Heap_Size)
 *fill*         0x000000002000cc70      0x200 
                0x000000002000d270                . = (. + _Min_Stack_Size)
 *fill*         0x000000002000ce70      0x400 
                0x000000002000d270                . = ALIGN (0x8)

/DISCARD/
 libc.a(*)
 libm.a(*)
 libgcc.a(*)

.ARM.attributes
                0x0000000000000000       0x30
 *(.ARM.attributes)
 .ARM.attributes
                0x0000000000000000       0x1e C:/ST/STM32CubeIDE_1.13.1/STM32CubeIDE/plugins/com.st.stm32cube.ide.mcu.externaltools.gnu-tools-for-stm32.11.3.rel1.win32_1.1.0.202305231506/tools/bin/../lib/gcc/arm-none-eabi/11.3.1/thumb/v7e-m+fp/hard/crti.o
 .ARM.attributes
                0x000000000000001e       0x34 C:/ST/STM32CubeIDE_1.13.1/STM32CubeIDE/plugins/com.st.stm32cube.ide.mcu.externaltools.gnu-tools-for-stm32.11.3.rel1.win32_1.1.0.202305231506/tools/bin/../lib/gcc/arm-none-eabi/11.3.1/thumb/v7e-m+fp/hard/crtbegin.o
 .ARM.attributes
                0x0000000000000052       0x34 ./Core/Src/main.o
 .ARM.attributes
                0x0000000000000086       0x34 ./Core/Src/stm32f4xx_hal_msp.o
 .ARM.attributes
                0x00000000000000ba       0x34 ./Core/Src/stm32f4xx_it.o
 .ARM.attributes
                0x00000000000000ee       0x34 ./Core/Src/system_stm32f4xx.o
 .ARM.attributes
                0x0000000000000122       0x21 ./Core/Startup/startup_stm32f407vetx.o
 .ARM.attributes
                0x0000000000000143       0x34 ./Drivers/STM32F4xx_HAL_Driver/Src/stm32f4xx_hal.o
 .ARM.attributes
                0x0000000000000177       0x34 ./Drivers/STM32F4xx_HAL_Driver/Src/stm32f4xx_hal_cortex.o
 .ARM.attributes
                0x00000000000001ab       0x34 ./Drivers/STM32F4xx_HAL_Driver/Src/stm32f4xx_hal_dma.o
 .ARM.attributes
                0x00000000000001df       0x34 ./Drivers/STM32F4xx_HAL_Driver/Src/stm32f4xx_hal_gpio.o
 .ARM.attributes
                0x0000000000000213       0x34 ./Drivers/STM32F4xx_HAL_Driver/Src/stm32f4xx_hal_rcc.o
 .ARM.attributes
                0x0000000000000247       0x34 ./Drivers/STM32F4xx_HAL_Driver/Src/stm32f4xx_hal_tim.o
 .ARM.attributes
                0x000000000000027b       0x34 ./Drivers/STM32F4xx_HAL_Driver/Src/stm32f4xx_hal_tim_ex.o
 .ARM.attributes
                0x00000000000002af       0x34 ./Drivers/STM32F4xx_HAL_Driver/Src/stm32f4xx_hal_uart.o
 .ARM.attributes
                0x00000000000002e3       0x34 C:/ST/STM32CubeIDE_1.13.1/STM32CubeIDE/plugins/com.st.stm32cube.ide.mcu.externaltools.gnu-tools-for-stm32.11.3.rel1.win32_1.1.0.202305231506/tools/bin/../lib/gcc/arm-none-eabi/11.3.1/../../../../arm-none-eabi/lib/thumb/v7e-m+fp/hard\libc_nano.a(libc_a-memset.o)
 .ARM.attributes
                0x0000000000000317       0x34 C:/ST/STM32CubeIDE_1.13.1/STM32CubeIDE/plugins/com.st.stm32cube.ide.mcu.externaltools.gnu-tools-for-stm32.11.3.rel1.win32_1.1.0.202305231506/tools/bin/../lib/gcc/arm-none-eabi/11.3.1/../../../../arm-none-eabi/lib/thumb/v7e-m+fp/hard\libc_nano.a(libc_a-init.o)
 .ARM.attributes
                0x000000000000034b       0x1e C:/ST/STM32CubeIDE_1.13.1/STM32CubeIDE/plugins/com.st.stm32cube.ide.mcu.externaltools.gnu-tools-for-stm32.11.3.rel1.win32_1.1.0.202305231506/tools/bin/../lib/gcc/arm-none-eabi/11.3.1/thumb/v7e-m+fp/hard\libgcc.a(_aeabi_uldivmod.o)
 .ARM.attributes
                0x0000000000000369       0x34 C:/ST/STM32CubeIDE_1.13.1/STM32CubeIDE/plugins/com.st.stm32cube.ide.mcu.externaltools.gnu-tools-for-stm32.11.3.rel1.win32_1.1.0.202305231506/tools/bin/../lib/gcc/arm-none-eabi/11.3.1/thumb/v7e-m+fp/hard\libgcc.a(_udivmoddi4.o)
 .ARM.attributes
                0x000000000000039d       0x1e C:/ST/STM32CubeIDE_1.13.1/STM32CubeIDE/plugins/com.st.stm32cube.ide.mcu.externaltools.gnu-tools-for-stm32.11.3.rel1.win32_1.1.0.202305231506/tools/bin/../lib/gcc/arm-none-eabi/11.3.1/thumb/v7e-m+fp/hard\libgcc.a(_dvmd_tls.o)
 .ARM.attributes
                0x00000000000003bb       0x1e C:/ST/STM32CubeIDE_1.13.1/STM32CubeIDE/plugins/com.st.stm32cube.ide.mcu.externaltools.gnu-tools-for-stm32.11.3.rel1.win32_1.1.0.202305231506/tools/bin/../lib/gcc/arm-none-eabi/11.3.1/thumb/v7e-m+fp/hard/crtn.o
OUTPUT(stm32_pwm_capture.elf elf32-littlearm)
LOAD linker stubs
LOAD C:/ST/STM32CubeIDE_1.13.1/STM32CubeIDE/plugins/com.st.stm32cube.ide.mcu.externaltools.gnu-tools-for-stm32.11.3.rel1.win32_1.1.0.202305231506/tools/bin/../lib/gcc/arm-none-eabi/11.3.1/../../../../arm-none-eabi/lib/thumb/v7e-m+fp/hard\libc.a
LOAD C:/ST/STM32CubeIDE_1.13.1/STM32CubeIDE/plugins/com.st.stm32cube.ide.mcu.externaltools.gnu-tools-for-stm32.11.3.rel1.win32_1.1.0.202305231506/tools/bin/../lib/gcc/arm-none-eabi/11.3.1/../../../../arm-none-eabi/lib/thumb/v7e-m+fp/hard\libm.a
LOAD C:/ST/STM32CubeIDE_1.13.1/STM32CubeIDE/plugins/com.st.stm32cube.ide.mcu.externaltools.gnu-tools-for-stm32.11.3.rel1.win32_1.1.0.202305231506/tools/bin/../lib/gcc/arm-none-eabi/11.3.1/thumb/v7e-m+fp/hard\libgcc.a

.comment        0x0000000000000000       0x43
 .comment       0x0000000000000000       0x43 C:/ST/STM32CubeIDE_1.13.1/STM32CubeIDE/plugins/com.st.stm32cube.ide.mcu.externaltools.gnu-tools-for-stm32.11.3.rel1.win32_1.1.0.202305231506/tools/bin/../lib/gcc/arm-none-eabi/11.3.1/thumb/v7e-m+fp/hard/crtbegin.o
                                         0x44 (size before relaxing)
 .comment       0x0000000000000043       0x44 ./Core/Src/main.o
 .comment       0x0000000000000043       0x44 ./Core/Src/stm32f4xx_hal_msp.o
 .comment       0x0000000000000043       0x44 ./Core/Src/stm32f4xx_it.o
 .comment       0x0000000000000043       0x44 ./Core/Src/system_stm32f4xx.o
 .comment       0x0000000000000043       0x44 ./Drivers/STM32F4xx_HAL_Driver/Src/stm32f4xx_hal.o
 .comment       0x0000000000000043       0x44 ./Drivers/STM32F4xx_HAL_Driver/Src/stm32f4xx_hal_cortex.o
 .comment       0x0000000000000043       0x44 ./Drivers/STM32F4xx_HAL_Driver/Src/stm32f4xx_hal_dma.o
 .comment       0x0000000000000043       0x44 ./Drivers/STM32F4xx_HAL_Driver/Src/stm32f4xx_hal_gpio.o
 .comment       0x0000000000000043       0x44 ./Drivers/STM32F4xx_HAL_Driver/Src/stm32f4xx_hal_rcc.o
 .comment       0x0000000000000043       0x44 ./Drivers/STM32F4xx_HAL_Driver/Src/stm32f4xx_hal_tim.o
 .comment       0x0000000000000043       0x44 ./Drivers/STM32F4xx_HAL_Driver/Src/stm32f4xx_hal_tim_ex.o
 .comment       0x0000000000000043       0x44 ./Drivers/STM32F4xx_HAL_Driver/Src/stm32f4xx_hal_uart.o

.debug_info     0x0000000000000000     0xc943
 .debug_info    0x0000000000000000     0x1629 ./Core/Src/main.o
 .debug_info    0x0000000000001629      0xd6b ./Core/Src/stm32f4xx_hal_msp.o
 .debug_info    0x0000000000002394      0x3e3 ./Core/Src/stm32f4xx_it.o
 .debug_info    0x0000000000002777      0x512 ./Core/Src/system_stm32f4xx.o
 .debug_info    0x0000000000002c89       0x23 ./Core/Startup/startup_stm32f407vetx.o
 .debug_info    0x0000000000002cac      0x948 ./Drivers/STM32F4xx_HAL_Driver/Src/stm32f4xx_hal.o
 .debug_info    0x00000000000035f4      0xd46 ./Drivers/STM32F4xx_HAL_Driver/Src/stm32f4xx_hal_cortex.o
 .debug_info    0x000000000000433a      0x8e7 ./Drivers/STM32F4xx_HAL_Driver/Src/stm32f4xx_hal_dma.o
 .debug_info    0x0000000000004c21      0x6c3 ./Drivers/STM32F4xx_HAL_Driver/Src/stm32f4xx_hal_gpio.o
 .debug_info    0x00000000000052e4      0x8b1 ./Drivers/STM32F4xx_HAL_Driver/Src/stm32f4xx_hal_rcc.o
 .debug_info    0x0000000000005b95     0x2948 ./Drivers/STM32F4xx_HAL_Driver/Src/stm32f4xx_hal_tim.o
 .debug_info    0x00000000000084dd     0x14ae ./Drivers/STM32F4xx_HAL_Driver/Src/stm32f4xx_hal_tim_ex.o
 .debug_info    0x000000000000998b     0x2fb8 ./Drivers/STM32F4xx_HAL_Driver/Src/stm32f4xx_hal_uart.o

.debug_abbrev   0x0000000000000000     0x1bb6
 .debug_abbrev  0x0000000000000000      0x2eb ./Core/Src/main.o
 .debug_abbrev  0x00000000000002eb      0x1fe ./Core/Src/stm32f4xx_hal_msp.o
 .debug_abbrev  0x00000000000004e9      0x17e ./Core/Src/stm32f4xx_it.o
 .debug_abbrev  0x0000000000000667      0x11a ./Core/Src/system_stm32f4xx.o
 .debug_abbrev  0x0000000000000781       0x12 ./Core/Startup/startup_stm32f407vetx.o
 .debug_abbrev  0x0000000000000793      0x213 ./Drivers/STM32F4xx_HAL_Driver/Src/stm32f4xx_hal.o
 .debug_abbrev  0x00000000000009a6      0x327 ./Drivers/STM32F4xx_HAL_Driver/Src/stm32f4xx_hal_cortex.o
 .debug_abbrev  0x0000000000000ccd      0x264 ./Drivers/STM32F4xx_HAL_Driver/Src/stm32f4xx_hal_dma.o
 .debug_abbrev  0x0000000000000f31      0x1d4 ./Drivers/STM32F4xx_HAL_Driver/Src/stm32f4xx_hal_gpio.o
 .debug_abbrev  0x0000000000001105      0x2b6 ./Drivers/STM32F4xx_HAL_Driver/Src/stm32f4xx_hal_rcc.o
 .debug_abbrev  0x00000000000013bb      0x271 ./Drivers/STM32F4xx_HAL_Driver/Src/stm32f4xx_hal_tim.o
 .debug_abbrev  0x000000000000162c      0x27c ./Drivers/STM32F4xx_HAL_Driver/Src/stm32f4xx_hal_tim_ex.o
 .debug_abbrev  0x00000000000018a8      0x30e ./Drivers/STM32F4xx_HAL_Driver/Src/stm32f4xx_hal_uart.o

.debug_aranges  0x0000000000000000      0xc28
 .debug_aranges
                0x0000000000000000       0x70 ./Core/Src/main.o
 .debug_aranges
                0x0000000000000070       0x48 ./Core/Src/stm32f4xx_hal_msp.o
 .debug_aranges
                0x00000000000000b8       0x70 ./Core/Src/stm32f4xx_it.o
 .debug_aranges
                0x0000000000000128       0x28 ./Core/Src/system_stm32f4xx.o
 .debug_aranges
                0x0000000000000150       0x28 ./Core/Startup/startup_stm32f407vetx.o
 .debug_aranges
                0x0000000000000178       0xf0 ./Drivers/STM32F4xx_HAL_Driver/Src/stm32f4xx_hal.o
 .debug_aranges
                0x0000000000000268      0x118 ./Drivers/STM32F4xx_HAL_Driver/Src/stm32f4xx_hal_cortex.o
 .debug_aranges
                0x0000000000000380       0x90 ./Drivers/STM32F4xx_HAL_Driver/Src/stm32f4xx_hal_dma.o
 .debug_aranges
                0x0000000000000410       0x58 ./Drivers/STM32F4xx_HAL_Driver/Src/stm32f4xx_hal_gpio.o
 .debug_aranges
                0x0000000000000468       0x88 ./Drivers/STM32F4xx_HAL_Driver/Src/stm32f4xx_hal_rcc.o
 .debug_aranges
                0x00000000000004f0      0x3d0 ./Drivers/STM32F4xx_HAL_Driver/Src/stm32f4xx_hal_tim.o
 .debug_aranges
                0x00000000000008c0      0x168 ./Drivers/STM32F4xx_HAL_Driver/Src/stm32f4xx_hal_tim_ex.o
 .debug_aranges
                0x0000000000000a28      0x200 ./Drivers/STM32F4xx_HAL_Driver/Src/stm32f4xx_hal_uart.o

.debug_rnglists
                0x0000000000000000      0x993
 .debug_rnglists
                0x0000000000000000       0x56 ./Core/Src/main.o
 .debug_rnglists
                0x0000000000000056       0x33 ./Core/Src/stm32f4xx_hal_msp.o
 .debug_rnglists
                0x0000000000000089       0x4f ./Core/Src/stm32f4xx_it.o
 .debug_rnglists
                0x00000000000000d8       0x1a ./Core/Src/system_stm32f4xx.o
 .debug_rnglists
                0x00000000000000f2       0x19 ./Core/Startup/startup_stm32f407vetx.o
 .debug_rnglists
                0x000000000000010b       0xaf ./Drivers/STM32F4xx_HAL_Driver/Src/stm32f4xx_hal.o
 .debug_rnglists
                0x00000000000001ba       0xce ./Drivers/STM32F4xx_HAL_Driver/Src/stm32f4xx_hal_cortex.o
 .debug_rnglists
                0x0000000000000288       0x70 ./Drivers/STM32F4xx_HAL_Driver/Src/stm32f4xx_hal_dma.o
 .debug_rnglists
                0x00000000000002f8       0x3f ./Drivers/STM32F4xx_HAL_Driver/Src/stm32f4xx_hal_gpio.o
 .debug_rnglists
                0x0000000000000337       0x66 ./Drivers/STM32F4xx_HAL_Driver/Src/stm32f4xx_hal_rcc.o
 .debug_rnglists
                0x000000000000039d      0x31a ./Drivers/STM32F4xx_HAL_Driver/Src/stm32f4xx_hal_tim.o
 .debug_rnglists
                0x00000000000006b7      0x125 ./Drivers/STM32F4xx_HAL_Driver/Src/stm32f4xx_hal_tim_ex.o
 .debug_rnglists
                0x00000000000007dc      0x1b7 ./Drivers/STM32F4xx_HAL_Driver/Src/stm32f4xx_hal_uart.o

.debug_macro    0x0000000000000000    0x20180
 .debug_macro   0x0000000000000000      0x1f0 ./Core/Src/main.o
 .debug_macro   0x00000000000001f0      0xaa8 ./Core/Src/main.o
 .debug_macro   0x0000000000000c98      0x29b ./Core/Src/main.o
 .debug_macro   0x0000000000000f33       0x2e ./Core/Src/main.o
 .debug_macro   0x0000000000000f61       0x2f ./Core/Src/main.o
 .debug_macro   0x0000000000000f90       0x22 ./Core/Src/main.o
 .debug_macro   0x0000000000000fb2       0x8e ./Core/Src/main.o
 .debug_macro   0x0000000000001040       0x51 ./Core/Src/main.o
 .debug_macro   0x0000000000001091      0x103 ./Core/Src/main.o
 .debug_macro   0x0000000000001194       0x6a ./Core/Src/main.o
 .debug_macro   0x00000000000011fe      0x1df ./Core/Src/main.o
 .debug_macro   0x00000000000013dd       0x1c ./Core/Src/main.o
 .debug_macro   0x00000000000013f9       0x22 ./Core/Src/main.o
 .debug_macro   0x000000000000141b       0xd9 ./Core/Src/main.o
 .debug_macro   0x00000000000014f4     0x102d ./Core/Src/main.o
 .debug_macro   0x0000000000002521      0x11f ./Core/Src/main.o
 .debug_macro   0x0000000000002640    0x15e82 ./Core/Src/main.o
 .debug_macro   0x00000000000184c2       0x6d ./Core/Src/main.o
 .debug_macro   0x000000000001852f     0x367e ./Core/Src/main.o
 .debug_macro   0x000000000001bbad      0x174 ./Core/Src/main.o
 .debug_macro   0x000000000001bd21       0x5c ./Core/Src/main.o
 .debug_macro   0x000000000001bd7d      0x96b ./Core/Src/main.o
 .debug_macro   0x000000000001c6e8      0x9fe ./Core/Src/main.o
 .debug_macro   0x000000000001d0e6      0x115 ./Core/Src/main.o
 .debug_macro   0x000000000001d1fb      0x13e ./Core/Src/main.o
 .debug_macro   0x000000000001d339       0xa5 ./Core/Src/main.o
 .debug_macro   0x000000000001d3de      0x174 ./Core/Src/main.o
 .debug_macro   0x000000000001d552      0x287 ./Core/Src/main.o
 .debug_macro   0x000000000001d7d9       0x5f ./Core/Src/main.o
 .debug_macro   0x000000000001d838      0x236 ./Core/Src/main.o
 .debug_macro   0x000000000001da6e      0x12c ./Core/Src/main.o
 .debug_macro   0x000000000001db9a      0x21e ./Core/Src/main.o
 .debug_macro   0x000000000001ddb8       0x2e ./Core/Src/main.o
 .debug_macro   0x000000000001dde6      0x11a ./Core/Src/main.o
 .debug_macro   0x000000000001df00       0x7e ./Core/Src/main.o
 .debug_macro   0x000000000001df7e       0x89 ./Core/Src/main.o
 .debug_macro   0x000000000001e007      0x8e6 ./Core/Src/main.o
 .debug_macro   0x000000000001e8ed       0x47 ./Core/Src/main.o
 .debug_macro   0x000000000001e934      0x295 ./Core/Src/main.o
 .debug_macro   0x000000000001ebc9      0x12d ./Core/Src/main.o
 .debug_macro   0x000000000001ecf6      0x1d8 ./Core/Src/stm32f4xx_hal_msp.o
 .debug_macro   0x000000000001eece      0x1e2 ./Core/Src/stm32f4xx_it.o
 .debug_macro   0x000000000001f0b0      0x1ce ./Core/Src/system_stm32f4xx.o
 .debug_macro   0x000000000001f27e      0x22e ./Drivers/STM32F4xx_HAL_Driver/Src/stm32f4xx_hal.o
 .debug_macro   0x000000000001f4ac      0x1ce ./Drivers/STM32F4xx_HAL_Driver/Src/stm32f4xx_hal_cortex.o
 .debug_macro   0x000000000001f67a      0x1d4 ./Drivers/STM32F4xx_HAL_Driver/Src/stm32f4xx_hal_dma.o
 .debug_macro   0x000000000001f84e      0x1d4 ./Drivers/STM32F4xx_HAL_Driver/Src/stm32f4xx_hal_gpio.o
 .debug_macro   0x000000000001fa22      0x1f2 ./Drivers/STM32F4xx_HAL_Driver/Src/stm32f4xx_hal_rcc.o
 .debug_macro   0x000000000001fc14      0x1cf ./Drivers/STM32F4xx_HAL_Driver/Src/stm32f4xx_hal_tim.o
 .debug_macro   0x000000000001fde3      0x1ce ./Drivers/STM32F4xx_HAL_Driver/Src/stm32f4xx_hal_tim_ex.o
 .debug_macro   0x000000000001ffb1      0x1cf ./Drivers/STM32F4xx_HAL_Driver/Src/stm32f4xx_hal_uart.o

.debug_line     0x0000000000000000     0xdf18
 .debug_line    0x0000000000000000      0xa60 ./Core/Src/main.o
 .debug_line    0x0000000000000a60      0x842 ./Core/Src/stm32f4xx_hal_msp.o
 .debug_line    0x00000000000012a2      0x839 ./Core/Src/stm32f4xx_it.o
 .debug_line    0x0000000000001adb      0x7c8 ./Core/Src/system_stm32f4xx.o
 .debug_line    0x00000000000022a3       0x7a ./Core/Startup/startup_stm32f407vetx.o
 .debug_line    0x000000000000231d      0xa2e ./Drivers/STM32F4xx_HAL_Driver/Src/stm32f4xx_hal.o
 .debug_line    0x0000000000002d4b      0xcdd ./Drivers/STM32F4xx_HAL_Driver/Src/stm32f4xx_hal_cortex.o
 .debug_line    0x0000000000003a28      0xf92 ./Drivers/STM32F4xx_HAL_Driver/Src/stm32f4xx_hal_dma.o
 .debug_line    0x00000000000049ba      0xba2 ./Drivers/STM32F4xx_HAL_Driver/Src/stm32f4xx_hal_gpio.o
 .debug_line    0x000000000000555c      0xda7 ./Drivers/STM32F4xx_HAL_Driver/Src/stm32f4xx_hal_rcc.o
 .debug_line    0x0000000000006303     0x371a ./Drivers/STM32F4xx_HAL_Driver/Src/stm32f4xx_hal_tim.o
 .debug_line    0x0000000000009a1d     0x1a2b ./Drivers/STM32F4xx_HAL_Driver/Src/stm32f4xx_hal_tim_ex.o
 .debug_line    0x000000000000b448     0x2ad0 ./Drivers/STM32F4xx_HAL_Driver/Src/stm32f4xx_hal_uart.o

.debug_str      0x0000000000000000    0xc7100
 .debug_str     0x0000000000000000    0xc4769 ./Core/Src/main.o
                                      0xc4ad9 (size before relaxing)
 .debug_str     0x00000000000c4769       0xfd ./Core/Src/stm32f4xx_hal_msp.o
                                      0xc40d6 (size before relaxing)
 .debug_str     0x00000000000c4866      0x11e ./Core/Src/stm32f4xx_it.o
                                      0xc3aa8 (size before relaxing)
 .debug_str     0x00000000000c4984       0xdb ./Core/Src/system_stm32f4xx.o
                                      0xc38fb (size before relaxing)
 .debug_str     0x00000000000c4a5f       0x34 ./Core/Startup/startup_stm32f407vetx.o
                                         0x79 (size before relaxing)
 .debug_str     0x00000000000c4a93      0x617 ./Drivers/STM32F4xx_HAL_Driver/Src/stm32f4xx_hal.o
                                      0xc447f (size before relaxing)
 .debug_str     0x00000000000c50aa      0x341 ./Drivers/STM32F4xx_HAL_Driver/Src/stm32f4xx_hal_cortex.o
                                      0xc41b2 (size before relaxing)
 .debug_str     0x00000000000c53eb      0x2ee ./Drivers/STM32F4xx_HAL_Driver/Src/stm32f4xx_hal_dma.o
                                      0xc3d15 (size before relaxing)
 .debug_str     0x00000000000c56d9      0x124 ./Drivers/STM32F4xx_HAL_Driver/Src/stm32f4xx_hal_gpio.o
                                      0xc3a76 (size before relaxing)
 .debug_str     0x00000000000c57fd      0x233 ./Drivers/STM32F4xx_HAL_Driver/Src/stm32f4xx_hal_rcc.o
                                      0xc3d2f (size before relaxing)
 .debug_str     0x00000000000c5a30      0xd04 ./Drivers/STM32F4xx_HAL_Driver/Src/stm32f4xx_hal_tim.o
                                      0xc4c75 (size before relaxing)
 .debug_str     0x00000000000c6734      0x3e1 ./Drivers/STM32F4xx_HAL_Driver/Src/stm32f4xx_hal_tim_ex.o
                                      0xc4491 (size before relaxing)
 .debug_str     0x00000000000c6b15      0x5eb ./Drivers/STM32F4xx_HAL_Driver/Src/stm32f4xx_hal_uart.o
                                      0xc42ce (size before relaxing)

.debug_frame    0x0000000000000000     0x3374
 .debug_frame   0x0000000000000000      0x184 ./Core/Src/main.o
 .debug_frame   0x0000000000000184       0xec ./Core/Src/stm32f4xx_hal_msp.o
 .debug_frame   0x0000000000000270      0x13c ./Core/Src/stm32f4xx_it.o
 .debug_frame   0x00000000000003ac       0x58 ./Core/Src/system_stm32f4xx.o
 .debug_frame   0x0000000000000404      0x374 ./Drivers/STM32F4xx_HAL_Driver/Src/stm32f4xx_hal.o
 .debug_frame   0x0000000000000778      0x498 ./Drivers/STM32F4xx_HAL_Driver/Src/stm32f4xx_hal_cortex.o
 .debug_frame   0x0000000000000c10      0x250 ./Drivers/STM32F4xx_HAL_Driver/Src/stm32f4xx_hal_dma.o
 .debug_frame   0x0000000000000e60      0x14c ./Drivers/STM32F4xx_HAL_Driver/Src/stm32f4xx_hal_gpio.o
 .debug_frame   0x0000000000000fac      0x1f4 ./Drivers/STM32F4xx_HAL_Driver/Src/stm32f4xx_hal_rcc.o
 .debug_frame   0x00000000000011a0     0x11c4 ./Drivers/STM32F4xx_HAL_Driver/Src/stm32f4xx_hal_tim.o
 .debug_frame   0x0000000000002364      0x638 ./Drivers/STM32F4xx_HAL_Driver/Src/stm32f4xx_hal_tim_ex.o
 .debug_frame   0x000000000000299c      0x92c ./Drivers/STM32F4xx_HAL_Driver/Src/stm32f4xx_hal_uart.o
 .debug_frame   0x00000000000032c8       0x20 C:/ST/STM32CubeIDE_1.13.1/STM32CubeIDE/plugins/com.st.stm32cube.ide.mcu.externaltools.gnu-tools-for-stm32.11.3.rel1.win32_1.1.0.202305231506/tools/bin/../lib/gcc/arm-none-eabi/11.3.1/../../../../arm-none-eabi/lib/thumb/v7e-m+fp/hard\libc_nano.a(libc_a-memset.o)
 .debug_frame   0x00000000000032e8       0x2c C:/ST/STM32CubeIDE_1.13.1/STM32CubeIDE/plugins/com.st.stm32cube.ide.mcu.externaltools.gnu-tools-for-stm32.11.3.rel1.win32_1.1.0.202305231506/tools/bin/../lib/gcc/arm-none-eabi/11.3.1/../../../../arm-none-eabi/lib/thumb/v7e-m+fp/hard\libc_nano.a(libc_a-init.o)
 .debug_frame   0x0000000000003314       0x2c C:/ST/STM32CubeIDE_1.13.1/STM32CubeIDE/plugins/com.st.stm32cube.ide.mcu.externaltools.gnu-tools-for-stm32.11.3.rel1.win32_1.1.0.202305231506/tools/bin/../lib/gcc/arm-none-eabi/11.3.1/thumb/v7e-m+fp/hard\libgcc.a(_aeabi_uldivmod.o)
 .debug_frame   0x0000000000003340       0x34 C:/ST/STM32CubeIDE_1.13.1/STM32CubeIDE/plugins/com.st.stm32cube.ide.mcu.externaltools.gnu-tools-for-stm32.11.3.rel1.win32_1.1.0.202305231506/tools/bin/../lib/gcc/arm-none-eabi/11.3.1/thumb/v7e-m+fp/hard\libgcc.a(_udivmoddi4.o)

.debug_line_str
                0x0000000000000000       0x6d
 .debug_line_str
                0x0000000000000000       0x6d ./Core/Startup/startup_stm32f407vetx.o
                                         0x85 (size before relaxing)
