../Core/Src/main.c:92:6:WS2812_Send	16	static
../Core/Src/main.c:152:5:main	8	static
../Core/Src/main.c:216:6:SystemClock_Config	88	static
../Core/Src/main.c:262:13:MX_TIM1_Init	96	static
../Core/Src/main.c:337:13:MX_TIM2_Init	32	static
../Core/Src/main.c:382:13:MX_USART1_UART_Init	8	static
../Core/Src/main.c:413:13:MX_DMA_Init	16	static
../Core/Src/main.c:431:13:MX_GPIO_Init	48	static
../Core/Src/main.c:458:6:HAL_GPIO_EXTI_Callback	16	static
../Core/Src/main.c:475:6:HAL_TIM_PWM_PulseFinishedCallback	16	static
../Core/Src/main.c:486:6:Error_Handler	4	static,ignoring_inline_asm
